---
source: tests/source_william_morris_society.rs
expression: out
---
[
  {
    "event": null,
    "id": "events/textile-tours-2026",
    "payload": {
      "date_text": null,
      "end_text": "4:00 pm",
      "excerpt": "This is a rare opportunity to get up close with items that are rarely on show to the public with a specialist tour of both Emery Walker’s House and the nearby William Morris Society premises. The tour will explore the Arts & Crafts textiles in both collections, including exquisite examples of May Morris’ work. The",
      "image_url": "https://williammorrissociety.org/wp-content/uploads/fc83896f5a9a7d5095141041e9e63ae1-xl-1.png",
      "location": "The William Morris Society and Emery Walker's House",
      "path": "/events/textile-tours-2026/",
      "start_text": "1:30 pm",
      "title": "Textile Tours",
      "url": "https://williammorrissociety.org/events/textile-tours-2026/"
    }
  },
  {
    "event": null,
    "id": "events/museum-exhibition-practically-magic-william-morris-at-home-in-hammersmith",
    "payload": {
      "date_text": null,
      "end_text": null,
      "excerpt": "To celebrate the William Morris Society’s 70th anniversary, the Society has opened a new semi-permanent exhibition which explores the life and work of Victorian Designer, Poet, Activist, Craftsman, and Environmentalist, William Morris (1834-1896), at his family home overlooking the River Thames in Hammersmith. Morris lived here for eighteen years with his wife, Jane Morris (1839-1914), and",
      "image_url": "https://williammorrissociety.org/wp-content/uploads/W9A5414-239-scaled.jpg",
      "location": "26 Upper Mall, The William Morris Society, W6 9TA",
      "path": "/events/museum-exhibition-practically-magic-william-morris-at-home-in-hammersmith/",
      "start_text": null,
      "title": "Museum Exhibition “Practically Magic: William Morris at Home in Hammersmith”",
      "url": "https://williammorrissociety.org/events/museum-exhibition-practically-magic-william-morris-at-home-in-hammersmith/"
    }
  },
  {
    "event": null,
    "id": "events/guided-tours",
    "payload": {
      "date_text": null,
      "end_text": "11:00 am",
      "excerpt": "Step into the world of William Morris with a guided tour led by one of our expert guides. Discover the fascinating history of William Morris, Kelmscott House, Morris & Co., and the people, ideas, and craftsmanship that shaped the Arts and Crafts movement. Discover the remarkable achievements of May Morris, from her pioneering role in",
      "image_url": "https://williammorrissociety.org/wp-content/uploads/W9A4661-96-1-scaled.jpg",
      "location": "The William Morris Society",
      "path": "/events/guided-tours/",
      "start_text": "10:00 am",
      "title": "Guided Tours",
      "url": "https://williammorrissociety.org/events/guided-tours/"
    }
  },
  {
    "event": null,
    "id": "events/the-useful-beautiful-art-prize",
    "payload": {
      "date_text": "September 30, 2026",
      "end_text": null,
      "excerpt": "The Useful and Beautiful Art Prize is a new award established by the William Morris Society to celebrate and support emerging artists, designers, and craftspeople whose work reflects the ideas and ideals of William Morris. The Prize is guided by Morris’s belief that art is both Useful and Beautiful, inseparable from everyday life, work, and nature. Entry opens 15th July 2026 and closes",
      "image_url": "https://williammorrissociety.org/wp-content/uploads/Untitled-design-1-e1789125756839.jpg",
      "location": "The Birmingham & Midland Institute",
      "path": "/events/the-useful-beautiful-art-prize/",
      "start_text": null,
      "title": "The Useful & Beautiful Art Prize",
      "url": "https://williammorrissociety.org/events/the-useful-beautiful-art-prize/"
    }
  },
  {
    "event": {
      "address": "Kelmscott House, 26 Upper Mall, Hammersmith, London W6 9TA",
      "all_day": false,
      "category": "workshop",
      "dedupe_key": "william-morris-jewellery-making-workshop-with-workingclasp|2026-10-13|william-morris-society",
      "description": "10am-4pm, October 13th, 2026 Spend a day immersed in creativity at the William Morris Society, making two beautiful pieces of jewellery inspired by the timeless patterns and philosophy of William Morris. Guided by Birmingham jewellery designer Rebecca Cowley of Working Clasp, you'll create an elegant floral brooch inspired by Strawberry Thief during the morning, before",
      "ends_at": "2026-10-13T15:00:00Z",
      "image_url": "https://williammorrissociety.org/wp-content/uploads/DSC_0128_cropped.jpg",
      "lat": 51.4906,
      "lng": -0.2355,
      "price": {
        "currency": null,
        "is_free": false,
        "max": null,
        "min": null
      },
      "starts_at": "2026-10-13T09:00:00Z",
      "tags": [],
      "title": "William Morris Jewellery Making Workshop with WorkingClasp",
      "url": "https://williammorrissociety.org/events/william-morris-jewelry-making-workshop-with-workingclasp/",
      "venue_name": "William Morris Society"
    },
    "id": "events/william-morris-jewelry-making-workshop-with-workingclasp",
    "payload": {
      "date_text": "October 13, 2026",
      "end_text": "4:00 pm",
      "excerpt": "10am-4pm, October 13th, 2026 Spend a day immersed in creativity at the William Morris Society, making two beautiful pieces of jewellery inspired by the timeless patterns and philosophy of William Morris. Guided by Birmingham jewellery designer Rebecca Cowley of Working Clasp, you'll create an elegant floral brooch inspired by Strawberry Thief during the morning, before",
      "image_url": "https://williammorrissociety.org/wp-content/uploads/DSC_0128_cropped.jpg",
      "location": "The William Morris Society",
      "path": "/events/william-morris-jewelry-making-workshop-with-workingclasp/",
      "start_text": "10:00 am",
      "title": "William Morris Jewellery Making Workshop with WorkingClasp",
      "url": "https://williammorrissociety.org/events/william-morris-jewelry-making-workshop-with-workingclasp/"
    }
  },
  {
    "event": {
      "address": "Kelmscott House, 26 Upper Mall, Hammersmith, London W6 9TA",
      "all_day": false,
      "category": "talk",
      "dedupe_key": "evening-talk-with-dr-gavin-stoneystreet|2026-10-21|william-morris-society",
      "description": "Wednesday October 21st, 2026 - 5:30-7:30pm An intimate evening exploring the botanical world of William Morris. Join Cultural Botanist Gavin Francis Stoneystreet on a journey into William Morris’s own gardens and the influence they had on his design work, literature, and eco-socialist thinking. Dr Stoneystreet’s forthcoming book on William Morris and his gardens explores Morris’s gardens at",
      "ends_at": "2026-10-21T18:30:00Z",
      "image_url": "https://williammorrissociety.org/wp-content/uploads/9780300278644.jpeg",
      "lat": 51.4906,
      "lng": -0.2355,
      "price": {
        "currency": null,
        "is_free": false,
        "max": null,
        "min": null
      },
      "starts_at": "2026-10-21T16:30:00Z",
      "tags": [],
      "title": "An Evening Talk with Dr Gavin Stoneystreet",
      "url": "https://williammorrissociety.org/events/an-evening-talk-with-dr-gavin-stoneystreet/",
      "venue_name": "William Morris Society"
    },
    "id": "events/an-evening-talk-with-dr-gavin-stoneystreet",
    "payload": {
      "date_text": "October 21, 2026",
      "end_text": "7:30 pm",
      "excerpt": "Wednesday October 21st, 2026 - 5:30-7:30pm An intimate evening exploring the botanical world of William Morris. Join Cultural Botanist Gavin Francis Stoneystreet on a journey into William Morris’s own gardens and the influence they had on his design work, literature, and eco-socialist thinking. Dr Stoneystreet’s forthcoming book on William Morris and his gardens explores Morris’s gardens at",
      "image_url": "https://williammorrissociety.org/wp-content/uploads/9780300278644.jpeg",
      "location": "The William Morris Society",
      "path": "/events/an-evening-talk-with-dr-gavin-stoneystreet/",
      "start_text": "5:30 pm",
      "title": "An Evening Talk with Dr Gavin Stoneystreet",
      "url": "https://williammorrissociety.org/events/an-evening-talk-with-dr-gavin-stoneystreet/"
    }
  },
  {
    "event": {
      "address": "Kelmscott House, 26 Upper Mall, Hammersmith, London W6 9TA",
      "all_day": false,
      "category": "workshop",
      "dedupe_key": "october-half-term-halloween-fun-at-william-morris-society|2026-10-26|william-morris-society",
      "description": "Monday 26th October 2026, 10:30am-12:30pm A workshop for 6-12 year olds We are getting ready for Halloween at Kelmscott House, with a colourful owl tree for the window, a pumpkin mobile inspired by a William Morris design and beautiful owl finger puppet. Price: £7.50 per child Please note that all children must be accompanied by an adult",
      "ends_at": "2026-10-26T12:30:00Z",
      "image_url": "https://williammorrissociety.org/wp-content/uploads/20260906_185843crop-1-scaled.jpg",
      "lat": 51.4906,
      "lng": -0.2355,
      "price": {
        "currency": "GBP",
        "is_free": false,
        "max": "7.50",
        "min": "7.50"
      },
      "starts_at": "2026-10-26T10:30:00Z",
      "tags": [],
      "title": "October Half Term Halloween fun at The William Morris Society",
      "url": "https://williammorrissociety.org/events/halloween-fun-at-kelmscott-house/",
      "venue_name": "William Morris Society"
    },
    "id": "events/halloween-fun-at-kelmscott-house",
    "payload": {
      "date_text": "October 26, 2026",
      "end_text": "12:30 pm",
      "excerpt": "Monday 26th October 2026, 10:30am-12:30pm A workshop for 6-12 year olds We are getting ready for Halloween at Kelmscott House, with a colourful owl tree for the window, a pumpkin mobile inspired by a William Morris design and beautiful owl finger puppet. Price: £7.50 per child Please note that all children must be accompanied by an adult",
      "image_url": "https://williammorrissociety.org/wp-content/uploads/20260906_185843crop-1-scaled.jpg",
      "location": "The William Morris Society",
      "path": "/events/halloween-fun-at-kelmscott-house/",
      "start_text": "10:30 am",
      "title": "October Half Term Halloween fun at The William Morris Society",
      "url": "https://williammorrissociety.org/events/halloween-fun-at-kelmscott-house/"
    }
  },
  {
    "event": {
      "address": "Kelmscott House, 26 Upper Mall, Hammersmith, London W6 9TA",
      "all_day": false,
      "category": "workshop",
      "dedupe_key": "water-marbling-workshop-with-daunton-marbling|2026-10-27|william-morris-society",
      "description": "Tuesday October 27th, 2026 10am-4pm Cost: £120 Join Daunton Marbling Studio and dive into the ancient art of paper marbling. In this hands-on workshop you will: * Discover the history of this centuries-old craft * Learn about materials, tools and techniques * Create traditional and contemporary patterns * Create your own hand marbled papers Paper",
      "ends_at": "2026-10-27T16:00:00Z",
      "image_url": "https://williammorrissociety.org/wp-content/uploads/WM-Workshop-2-scaled.jpeg",
      "lat": 51.4906,
      "lng": -0.2355,
      "price": {
        "currency": "GBP",
        "is_free": false,
        "max": "120",
        "min": "120"
      },
      "starts_at": "2026-10-27T10:00:00Z",
      "tags": [],
      "title": "Water Marbling Workshop with Daunton Marbling",
      "url": "https://williammorrissociety.org/events/water-marbling-workshop-with-daunton-marbling-workshop/",
      "venue_name": "William Morris Society"
    },
    "id": "events/water-marbling-workshop-with-daunton-marbling-workshop",
    "payload": {
      "date_text": "October 27, 2026",
      "end_text": "4:00 pm",
      "excerpt": "Tuesday October 27th, 2026 10am-4pm Cost: £120 Join Daunton Marbling Studio and dive into the ancient art of paper marbling. In this hands-on workshop you will: * Discover the history of this centuries-old craft * Learn about materials, tools and techniques * Create traditional and contemporary patterns * Create your own hand marbled papers Paper",
      "image_url": "https://williammorrissociety.org/wp-content/uploads/WM-Workshop-2-scaled.jpeg",
      "location": "The William Morris Society",
      "path": "/events/water-marbling-workshop-with-daunton-marbling-workshop/",
      "start_text": "10:00 am",
      "title": "Water Marbling Workshop with Daunton Marbling",
      "url": "https://williammorrissociety.org/events/water-marbling-workshop-with-daunton-marbling-workshop/"
    }
  },
  {
    "event": null,
    "id": "events/online-talk-inderbir-bhullar-on-charles-booth",
    "payload": {
      "date_text": "October 28, 2026",
      "end_text": "7:30 pm",
      "excerpt": "Wednesday 28th October, 2026. 6:30pm-7:30pm. Online. Inderbir Bhullar is the Curator for Economics and Social Policy at LSE Library. He joined the Library in 2013, previously working as a librarian at The Women’s Library. He curates exhibitions, writes blogs, gives talks and connects collections with academics, students, and the public alike. He talks regularly about",
      "image_url": "https://williammorrissociety.org/wp-content/uploads/Hammersmith-poverty-map-scaled.jpg",
      "location": "Online",
      "path": "/events/online-talk-inderbir-bhullar-on-charles-booth/",
      "start_text": "6:30 pm",
      "title": "Online Talk: Charles Booth’s London Poverty Maps with Inderbir Bhullar",
      "url": "https://williammorrissociety.org/events/online-talk-inderbir-bhullar-on-charles-booth/"
    }
  },
  {
    "event": null,
    "id": "events/london-luminaries-online-talk-director-gabriella-esser-on-practically-magic-william-morris-at-home-in-hammersmith",
    "payload": {
      "date_text": "November 5, 2026",
      "end_text": "8:00 pm",
      "excerpt": "Thursday 5th November 2026. 7:00pm - 8:00pm. Online. About the Talk At Kelmscott House in Hammersmith, overlooking the River Thames, Morris pursued new creative directions for his firm Morris & Co., experimented with book design and private printing, and became a leading voice in the Socialist League. His time there was shaped by both domestic",
      "image_url": "https://williammorrissociety.org/wp-content/uploads/LondonLuminaries-1.jpg",
      "location": "Online",
      "path": "/events/london-luminaries-online-talk-director-gabriella-esser-on-practically-magic-william-morris-at-home-in-hammersmith/",
      "start_text": "7:00 pm",
      "title": "London Luminaries Online Talk – Director Gabriella Esser on “Practically Magic: William Morris at Home in Hammersmith”",
      "url": "https://williammorrissociety.org/events/london-luminaries-online-talk-director-gabriella-esser-on-practically-magic-william-morris-at-home-in-hammersmith/"
    }
  },
  {
    "event": null,
    "id": "events/morrisfest-2026",
    "payload": {
      "date_text": "November 20, 2026",
      "end_text": "3:00 pm",
      "excerpt": "MorrisFest 2026 Friday 20 – Sunday 22 November 2026 Birmingham & Midland Institute Your MorrisFest ticket includes the full festival programme, Friday Evening Welcome Reception and 2026 Kelmscott Lecture. Join the William Morris Society for MorrisFest 2026, a three-day festival celebrating the life, work, ideas and continuing influence of William Morris. Bringing together leading speakers,",
      "image_url": "https://williammorrissociety.org/wp-content/uploads/image.png",
      "location": "The Birmingham & Midland Institute",
      "path": "/events/morrisfest-2026/",
      "start_text": "6:00 pm",
      "title": "MorrisFest 2026",
      "url": "https://williammorrissociety.org/events/morrisfest-2026/"
    }
  },
  {
    "event": null,
    "id": "events/morrisfest-artisan-market",
    "payload": {
      "date_text": "November 21, 2026",
      "end_text": null,
      "excerpt": "This November we will be hosting a new and innovative festival celebrating the life, work and influence of William Morris - MorrisFest –which will be held at the Birmingham & Midland Institute. The aim of the festival will be to promote Morris, his work and ideas as well as related topics and discuss how they are still relevant",
      "image_url": "https://williammorrissociety.org/wp-content/uploads/Pattern.png",
      "location": "The Birmingham & Midland Institute",
      "path": "/events/morrisfest-artisan-market/",
      "start_text": null,
      "title": "MorrisFest: Christmas Artisan Market",
      "url": "https://williammorrissociety.org/events/morrisfest-artisan-market/"
    }
  },
  {
    "event": {
      "address": "Kelmscott House, 26 Upper Mall, Hammersmith, London W6 9TA",
      "all_day": false,
      "category": "workshop",
      "dedupe_key": "embossed-copper-fruit-ornament-festive-workshop|2026-12-02|william-morris-society",
      "description": "Embossed Copper Fruit Ornament Festive Workshop 10.30am-12.30pm, Wednesday December 2nd Cost: £45 Create your own embossed metal tree decorations with this fun hands on workshop. Using lightweight copper sheets and simple techniques you will create a set of hanging ornaments inspired by William Morris fruit designs. About the Workshop: An enjoyable and relaxing workshop",
      "ends_at": "2026-12-02T12:30:00Z",
      "image_url": "https://williammorrissociety.org/wp-content/uploads/EMBOSSED-COPPER-ORNAMENT-FRUIT-WORKSHOP.jpg",
      "lat": 51.4906,
      "lng": -0.2355,
      "price": {
        "currency": "GBP",
        "is_free": false,
        "max": "45",
        "min": "45"
      },
      "starts_at": "2026-12-02T10:30:00Z",
      "tags": [],
      "title": "Embossed Copper Fruit Ornament Festive Workshop",
      "url": "https://williammorrissociety.org/events/strawberry-thief-embossed-copper-garland-festive-workshop/",
      "venue_name": "William Morris Society"
    },
    "id": "events/strawberry-thief-embossed-copper-garland-festive-workshop",
    "payload": {
      "date_text": "December 2, 2026",
      "end_text": "12:30 pm",
      "excerpt": "Embossed Copper Fruit Ornament Festive Workshop 10.30am-12.30pm, Wednesday December 2nd Cost: £45 Create your own embossed metal tree decorations with this fun hands on workshop. Using lightweight copper sheets and simple techniques you will create a set of hanging ornaments inspired by William Morris fruit designs. About the Workshop: An enjoyable and relaxing workshop",
      "image_url": "https://williammorrissociety.org/wp-content/uploads/EMBOSSED-COPPER-ORNAMENT-FRUIT-WORKSHOP.jpg",
      "location": "The William Morris Society",
      "path": "/events/strawberry-thief-embossed-copper-garland-festive-workshop/",
      "start_text": "10:30 am",
      "title": "Embossed Copper Fruit Ornament Festive Workshop",
      "url": "https://williammorrissociety.org/events/strawberry-thief-embossed-copper-garland-festive-workshop/"
    }
  },
  {
    "event": null,
    "id": "events/kelmscott-lecture-2026",
    "payload": {
      "date_text": "November 21, 2026",
      "end_text": "9:00 pm",
      "excerpt": "The 2026 Kelmscott Lecture 6.00–9.00pm | HYBRID: Birmingham & Midland Institute - The Lyttelton Theatre & Online *Kelmscott Lecture included in cost of MorrisFest 2026 ticket This year’s lecture, ‘Morris in Our Moment’, will be delivered by Professor Michael Robertson, whose biography of William Morris is forthcoming from Thames & Hudson. While Morris’s designs have",
      "image_url": "https://williammorrissociety.org/wp-content/uploads/Social-Media-Post-KL-MorrisFest-2026.jpg",
      "location": "Birmingham & Midland Institute and Online",
      "path": "/events/kelmscott-lecture-2026/",
      "start_text": "6:00 pm",
      "title": "Kelmscott Lecture 2026",
      "url": "https://williammorrissociety.org/events/kelmscott-lecture-2026/"
    }
  },
  {
    "event": {
      "address": "Kelmscott House, 26 Upper Mall, Hammersmith, London W6 9TA",
      "all_day": false,
      "category": "community",
      "dedupe_key": "morris-by-moonlight-museum-lates|2026-12-03|william-morris-society",
      "description": "Join us for a magical Morris by Moonlight on December 3rd! As winter darkness settles over London, step inside from the cold and discover the world of William Morris by candlelight at The William Morris Society — the perfect way to kick off the festive season. Join one of our expert guides for an enchanting",
      "ends_at": "2026-12-03T20:30:00Z",
      "image_url": "https://williammorrissociety.org/wp-content/uploads/PHOTO-2026-03-20-10-15-55.jpg",
      "lat": 51.4906,
      "lng": -0.2355,
      "price": {
        "currency": null,
        "is_free": false,
        "max": null,
        "min": null
      },
      "starts_at": "2026-12-03T17:30:00Z",
      "tags": [],
      "title": "Morris by Moonlight – Museum Lates",
      "url": "https://williammorrissociety.org/events/morris-by-moonlight-museum-lates-2/",
      "venue_name": "William Morris Society"
    },
    "id": "events/morris-by-moonlight-museum-lates-2",
    "payload": {
      "date_text": "December 3, 2026",
      "end_text": "8:30 pm",
      "excerpt": "Join us for a magical Morris by Moonlight on December 3rd! As winter darkness settles over London, step inside from the cold and discover the world of William Morris by candlelight at The William Morris Society — the perfect way to kick off the festive season. Join one of our expert guides for an enchanting",
      "image_url": "https://williammorrissociety.org/wp-content/uploads/PHOTO-2026-03-20-10-15-55.jpg",
      "location": "The William Morris Society",
      "path": "/events/morris-by-moonlight-museum-lates-2/",
      "start_text": "5:30 pm",
      "title": "Morris by Moonlight – Museum Lates",
      "url": "https://williammorrissociety.org/events/morris-by-moonlight-museum-lates-2/"
    }
  }
]
