---
source: tests/source_camden_art_centre.rs
expression: out
---
[
  {
    "event": {
      "address": "Arkwright Road, London NW3 6DG",
      "all_day": true,
      "category": "exhibition",
      "dedupe_key": "liz-larner-hard-line-to-bend|2026-09-11|camden-art",
      "description": "From clay to plastic, ancient myths to outer space, discover the radical sculpture of Liz Larner.",
      "ends_at": "2027-01-17T00:00:00Z",
      "image_url": "https://camdenartcentre.s3.eu-west-2.amazonaws.com/uploads/2026/07/Installation-view-Liz-Larner-A-hard-line-to-bend.-Camden-Art-Centre-2026.-Photo-Rob-Harris-5-640x427.jpg",
      "lat": null,
      "lng": null,
      "price": {
        "currency": null,
        "is_free": true,
        "max": "0",
        "min": "0"
      },
      "starts_at": "2026-09-10T23:00:00Z",
      "tags": [],
      "title": "Liz Larner: A hard line to bend",
      "url": "https://camdenartcentre.org/whats-on/a-hard-line-to-bend",
      "venue_name": "Camden Art Centre"
    },
    "page_date": "11 Sep 2026/17 Jan 2027",
    "source_event_id": "/whats-on/a-hard-line-to-bend",
    "type": "exhibitions"
  },
  {
    "event": null,
    "page_date": null,
    "source_event_id": "/whats-on/george-clark",
    "type": "residencies"
  },
  {
    "event": {
      "address": "Arkwright Road, London NW3 6DG",
      "all_day": false,
      "category": "workshop",
      "dedupe_key": "zine-making-workshop|2026-09-27|camden-art",
      "description": "Explore the world and possibilities of zines with an afternoon of collective learning and hands-on making.",
      "ends_at": "2026-09-27T16:30:00Z",
      "image_url": "https://camdenartcentre.s3.eu-west-2.amazonaws.com/uploads/2026/07/Book-Binding-Class-May-2026-Camden-Art-Centre-by-Patrick-Young-50-569x427.jpeg",
      "lat": null,
      "lng": null,
      "price": {
        "currency": "GBP",
        "is_free": false,
        "max": "59",
        "min": "59"
      },
      "starts_at": "2026-09-27T12:30:00Z",
      "tags": [],
      "title": "Zine Making Workshop",
      "url": "https://camdenartcentre.org/whats-on/zine-making-workshop-5",
      "venue_name": "Camden Art Centre"
    },
    "page_date": "27 Sep 2026 13:30-17:30",
    "source_event_id": "/whats-on/zine-making-workshop-5",
    "type": "courses-workshops"
  },
  {
    "event": {
      "address": "Arkwright Road, London NW3 6DG",
      "all_day": true,
      "category": "workshop",
      "dedupe_key": "family-takeover-with-tom-james|2026-10-10|camden-art",
      "description": "Join artist Tom James for family activities exploring the play and process of making art together.",
      "ends_at": "2026-11-21T00:00:00Z",
      "image_url": "https://camdenartcentre.s3.eu-west-2.amazonaws.com/uploads/2026/09/002_HD_250717_5910_┬®-Hydar-Dewachi-George-Collum-640x427.jpg",
      "lat": null,
      "lng": null,
      "price": {
        "currency": null,
        "is_free": true,
        "max": "0",
        "min": "0"
      },
      "sessions": [
        {
          "ends_at": "2026-10-10T23:00:00Z",
          "starts_at": "2026-10-09T23:00:00Z"
        },
        {
          "ends_at": "2026-10-24T23:00:00Z",
          "starts_at": "2026-10-23T23:00:00Z"
        },
        {
          "ends_at": "2026-11-08T00:00:00Z",
          "starts_at": "2026-11-07T00:00:00Z"
        },
        {
          "ends_at": "2026-11-22T00:00:00Z",
          "starts_at": "2026-11-21T00:00:00Z"
        }
      ],
      "starts_at": "2026-10-09T23:00:00Z",
      "tags": [
        "family"
      ],
      "title": "Family Takeover with Tom James",
      "url": "https://camdenartcentre.org/whats-on/family-takeover-with-tom-james",
      "venue_name": "Camden Art Centre"
    },
    "page_date": "10 Oct/21 Nov 2026",
    "source_event_id": "/whats-on/family-takeover-with-tom-james",
    "type": "childrenandfamilies"
  },
  {
    "event": {
      "address": "Arkwright Road, London NW3 6DG",
      "all_day": false,
      "category": "workshop",
      "dedupe_key": "transformative-futures|2026-10-10|camden-art",
      "description": "A free weekly collective for young people to discuss, explore and create art together.",
      "ends_at": "2027-07-03T15:30:00Z",
      "image_url": "https://camdenartcentre.s3.eu-west-2.amazonaws.com/uploads/2026/09/TF-26-7-640x360.png",
      "lat": null,
      "lng": null,
      "price": {
        "currency": null,
        "is_free": true,
        "max": "0",
        "min": "0"
      },
      "sessions": [
        {
          "ends_at": "2026-10-10T15:30:00Z",
          "starts_at": "2026-10-10T13:30:00Z"
        },
        {
          "ends_at": "2026-10-17T15:30:00Z",
          "starts_at": "2026-10-17T13:30:00Z"
        },
        {
          "ends_at": "2026-10-24T15:30:00Z",
          "starts_at": "2026-10-24T13:30:00Z"
        },
        {
          "ends_at": "2026-10-31T16:30:00Z",
          "starts_at": "2026-10-31T14:30:00Z"
        },
        {
          "ends_at": "2026-11-07T16:30:00Z",
          "starts_at": "2026-11-07T14:30:00Z"
        },
        {
          "ends_at": "2026-11-14T16:30:00Z",
          "starts_at": "2026-11-14T14:30:00Z"
        },
        {
          "ends_at": "2026-11-21T16:30:00Z",
          "starts_at": "2026-11-21T14:30:00Z"
        },
        {
          "ends_at": "2026-11-28T16:30:00Z",
          "starts_at": "2026-11-28T14:30:00Z"
        },
        {
          "ends_at": "2026-12-05T16:30:00Z",
          "starts_at": "2026-12-05T14:30:00Z"
        },
        {
          "ends_at": "2026-12-12T16:30:00Z",
          "starts_at": "2026-12-12T14:30:00Z"
        },
        {
          "ends_at": "2026-12-19T16:30:00Z",
          "starts_at": "2026-12-19T14:30:00Z"
        },
        {
          "ends_at": "2026-12-26T16:30:00Z",
          "starts_at": "2026-12-26T14:30:00Z"
        },
        {
          "ends_at": "2027-01-02T16:30:00Z",
          "starts_at": "2027-01-02T14:30:00Z"
        },
        {
          "ends_at": "2027-01-09T16:30:00Z",
          "starts_at": "2027-01-09T14:30:00Z"
        },
        {
          "ends_at": "2027-01-16T16:30:00Z",
          "starts_at": "2027-01-16T14:30:00Z"
        },
        {
          "ends_at": "2027-01-23T16:30:00Z",
          "starts_at": "2027-01-23T14:30:00Z"
        },
        {
          "ends_at": "2027-01-30T16:30:00Z",
          "starts_at": "2027-01-30T14:30:00Z"
        },
        {
          "ends_at": "2027-02-06T16:30:00Z",
          "starts_at": "2027-02-06T14:30:00Z"
        },
        {
          "ends_at": "2027-02-13T16:30:00Z",
          "starts_at": "2027-02-13T14:30:00Z"
        },
        {
          "ends_at": "2027-02-20T16:30:00Z",
          "starts_at": "2027-02-20T14:30:00Z"
        },
        {
          "ends_at": "2027-02-27T16:30:00Z",
          "starts_at": "2027-02-27T14:30:00Z"
        },
        {
          "ends_at": "2027-03-06T16:30:00Z",
          "starts_at": "2027-03-06T14:30:00Z"
        },
        {
          "ends_at": "2027-03-13T16:30:00Z",
          "starts_at": "2027-03-13T14:30:00Z"
        },
        {
          "ends_at": "2027-03-20T16:30:00Z",
          "starts_at": "2027-03-20T14:30:00Z"
        },
        {
          "ends_at": "2027-03-27T16:30:00Z",
          "starts_at": "2027-03-27T14:30:00Z"
        },
        {
          "ends_at": "2027-04-03T15:30:00Z",
          "starts_at": "2027-04-03T13:30:00Z"
        },
        {
          "ends_at": "2027-04-10T15:30:00Z",
          "starts_at": "2027-04-10T13:30:00Z"
        },
        {
          "ends_at": "2027-04-17T15:30:00Z",
          "starts_at": "2027-04-17T13:30:00Z"
        },
        {
          "ends_at": "2027-04-24T15:30:00Z",
          "starts_at": "2027-04-24T13:30:00Z"
        },
        {
          "ends_at": "2027-05-01T15:30:00Z",
          "starts_at": "2027-05-01T13:30:00Z"
        },
        {
          "ends_at": "2027-05-08T15:30:00Z",
          "starts_at": "2027-05-08T13:30:00Z"
        },
        {
          "ends_at": "2027-05-15T15:30:00Z",
          "starts_at": "2027-05-15T13:30:00Z"
        },
        {
          "ends_at": "2027-05-22T15:30:00Z",
          "starts_at": "2027-05-22T13:30:00Z"
        },
        {
          "ends_at": "2027-05-29T15:30:00Z",
          "starts_at": "2027-05-29T13:30:00Z"
        },
        {
          "ends_at": "2027-06-05T15:30:00Z",
          "starts_at": "2027-06-05T13:30:00Z"
        },
        {
          "ends_at": "2027-06-12T15:30:00Z",
          "starts_at": "2027-06-12T13:30:00Z"
        },
        {
          "ends_at": "2027-06-19T15:30:00Z",
          "starts_at": "2027-06-19T13:30:00Z"
        },
        {
          "ends_at": "2027-06-26T15:30:00Z",
          "starts_at": "2027-06-26T13:30:00Z"
        },
        {
          "ends_at": "2027-07-03T15:30:00Z",
          "starts_at": "2027-07-03T13:30:00Z"
        }
      ],
      "starts_at": "2026-10-10T13:30:00Z",
      "tags": [
        "young people"
      ],
      "title": "Transformative Futures",
      "url": "https://camdenartcentre.org/whats-on/transformative-futures-6",
      "venue_name": "Camden Art Centre"
    },
    "page_date": "10 Oct 2026/3 Jul 2027",
    "source_event_id": "/whats-on/transformative-futures-6",
    "type": "young-people"
  },
  {
    "event": {
      "address": "Arkwright Road, London NW3 6DG",
      "all_day": false,
      "category": "workshop",
      "dedupe_key": "seasonal-botanical-dyes-workshop-autumn|2026-10-17|camden-art",
      "description": "Step into autumn and learn how to create natural dyes using local, seasonally foraged materials in this one-day workshop.",
      "ends_at": "2026-10-17T16:00:00Z",
      "image_url": "https://camdenartcentre.s3.eu-west-2.amazonaws.com/uploads/2026/02/21.07.23_Johanna_Tagada_Hoffbeck_503-640x427.jpg",
      "lat": null,
      "lng": null,
      "price": {
        "currency": "GBP",
        "is_free": false,
        "max": "59",
        "min": "59"
      },
      "starts_at": "2026-10-17T12:00:00Z",
      "tags": [],
      "title": "Seasonal Botanical Dyes Workshop: Autumn",
      "url": "https://camdenartcentre.org/whats-on/seasonal-botanical-dyes-workshop-autumn",
      "venue_name": "Camden Art Centre"
    },
    "page_date": "17 Oct 2026 13:00-17:00",
    "source_event_id": "/whats-on/seasonal-botanical-dyes-workshop-autumn",
    "type": "courses-workshops"
  },
  {
    "event": {
      "address": "Arkwright Road, London NW3 6DG",
      "all_day": true,
      "category": "exhibition",
      "dedupe_key": "process-makes-practice|2026-10-28|camden-art",
      "description": "An exhibition marking the culmination of a three-year programme supported by The Mildred Fund, working with artists and young people in our local area.",
      "ends_at": "2026-11-08T00:00:00Z",
      "image_url": "https://camdenartcentre.s3.eu-west-2.amazonaws.com/uploads/2026/09/The-Hive-Showcase-Sam-Williams-Camden-Art-Centre-May-2025-©-Camden-Art-Centre-v2-George-Collum-640x427.jpg",
      "lat": null,
      "lng": null,
      "price": {
        "currency": null,
        "is_free": true,
        "max": "0",
        "min": "0"
      },
      "starts_at": "2026-10-28T00:00:00Z",
      "tags": [],
      "title": "Process Makes Practice",
      "url": "https://camdenartcentre.org/whats-on/process-makes-practice",
      "venue_name": "Camden Art Centre"
    },
    "page_date": "28 Oct/8 Nov 2026",
    "source_event_id": "/whats-on/process-makes-practice",
    "type": "exhibitions"
  },
  {
    "event": {
      "address": "Arkwright Road, London NW3 6DG",
      "all_day": false,
      "category": "workshop",
      "dedupe_key": "zine-making-workshop|2026-11-21|camden-art",
      "description": "Explore the world and possibilities of zines with an afternoon of collective learning and hands-on making.",
      "ends_at": "2026-11-21T17:30:00Z",
      "image_url": "https://camdenartcentre.s3.eu-west-2.amazonaws.com/uploads/2026/02/Zine-Workshop-_-Photograph-by-Johanna-Tagada-Hoffbeck-03-640x425.jpg",
      "lat": null,
      "lng": null,
      "price": {
        "currency": "GBP",
        "is_free": false,
        "max": "59",
        "min": "59"
      },
      "starts_at": "2026-11-21T13:30:00Z",
      "tags": [],
      "title": "Zine Making Workshop",
      "url": "https://camdenartcentre.org/whats-on/zine-making-workshop-6",
      "venue_name": "Camden Art Centre"
    },
    "page_date": "21 Nov 2026 13:30-17:30",
    "source_event_id": "/whats-on/zine-making-workshop-6",
    "type": "courses-workshops"
  },
  {
    "event": {
      "address": "Arkwright Road, London NW3 6DG",
      "all_day": false,
      "category": "workshop",
      "dedupe_key": "natural-dyes-study-group|2026-11-22|camden-art",
      "description": "A small, hands-on study group delving into the art of natural dyeing.",
      "ends_at": "2026-11-22T17:00:00Z",
      "image_url": "https://camdenartcentre.s3.eu-west-2.amazonaws.com/uploads/2026/01/For-Botanical-Dyes-Garden-Workshop-by-Johanna-Tagada-Hoffbeck-03-284x427.jpg",
      "lat": null,
      "lng": null,
      "price": {
        "currency": "GBP",
        "is_free": false,
        "max": "99",
        "min": "99"
      },
      "starts_at": "2026-11-22T13:00:00Z",
      "tags": [],
      "title": "Natural Dyes Study Group",
      "url": "https://camdenartcentre.org/whats-on/natural-dyes-study-group",
      "venue_name": "Camden Art Centre"
    },
    "page_date": "22 Nov 2026 13:00-17:00",
    "source_event_id": "/whats-on/natural-dyes-study-group",
    "type": "courses-workshops"
  },
  {
    "event": {
      "address": "Arkwright Road, London NW3 6DG",
      "all_day": false,
      "category": "workshop",
      "dedupe_key": "ikebana-inspired-wreath-making-workshop|2026-12-05|camden-art",
      "description": "Create a festive wreath inspired by Ikebana, the Japanese art of arranging flowers.",
      "ends_at": "2026-12-05T13:45:00Z",
      "image_url": "https://camdenartcentre.s3.eu-west-2.amazonaws.com/uploads/2026/08/ikebanna-wreaths-640x427.png",
      "lat": null,
      "lng": null,
      "price": {
        "currency": "GBP",
        "is_free": false,
        "max": "125",
        "min": "125"
      },
      "starts_at": "2026-12-05T11:30:00Z",
      "tags": [],
      "title": "Ikebana-Inspired Wreath Making Workshop",
      "url": "https://camdenartcentre.org/whats-on/ikebana-inspired-wreath-making-workshop",
      "venue_name": "Camden Art Centre"
    },
    "page_date": "5 Dec 2026 11:30-13:45",
    "source_event_id": "/whats-on/ikebana-inspired-wreath-making-workshop",
    "type": "courses-workshops"
  },
  {
    "event": {
      "address": "Arkwright Road, London NW3 6DG",
      "all_day": false,
      "category": "workshop",
      "dedupe_key": "introduction-to-natural-dyes|2026-12-06|camden-art",
      "description": "Learn the basics of natural dyes in this one-day workshop.",
      "ends_at": "2026-12-06T17:00:00Z",
      "image_url": "https://camdenartcentre.s3.eu-west-2.amazonaws.com/uploads/2025/02/Johanna-Tagada-Hoffbeck-Penser-Manger-Partager-London-November-2019-285x427.jpg",
      "lat": null,
      "lng": null,
      "price": {
        "currency": "GBP",
        "is_free": false,
        "max": "49",
        "min": "49"
      },
      "starts_at": "2026-12-06T14:00:00Z",
      "tags": [],
      "title": "Introduction to Natural Dyes",
      "url": "https://camdenartcentre.org/whats-on/introduction-to-natural-dyes-2",
      "venue_name": "Camden Art Centre"
    },
    "page_date": "6 Dec 2026 14:00-17:00",
    "source_event_id": "/whats-on/introduction-to-natural-dyes-2",
    "type": "courses-workshops"
  }
]
